11:56:16.414 [main] INFO org.springframework.test.context.support.AnnotationConfigContextLoaderUtils -- Could not detect default configuration classes for test class [com.example.corspreflight.CorsPreflightTest]: CorsPreflightTest does not declare any static, non-private, non-final, nested classes annotated with @Configuration.
11:56:16.472 [main] INFO org.springframework.boot.test.context.SpringBootTestContextBootstrapper -- Found @SpringBootConfiguration com.example.corspreflight.CorsPreflightDebugApplication for test class com.example.corspreflight.CorsPreflightTest

  .   ____          _            __ _ _
 /\\ / ___'_ __ _ _(_)_ __  __ _ \ \ \ \
( ( )\___ | '_ | '_| | '_ \/ _` | \ \ \ \
 \\/  ___)| |_)| | | | | || (_| |  ) ) ) )
  '  |____| .__|_| |_|_| |_\__, | / / / /
 =========|_|==============|___/=/_/_/_/

 :: Spring Boot ::               (v3.3.12)

2026-08-14T11:56:16.658Z  INFO 19077 --- [           main] c.e.corspreflight.CorsPreflightTest      : Starting CorsPreflightTest using Java 21.0.11 with PID 19077 (started by ubuntu in /home/ubuntu/spring-security-cors-preflight-debug-lab)
2026-08-14T11:56:16.659Z  INFO 19077 --- [           main] c.e.corspreflight.CorsPreflightTest      : No active profile set, falling back to 1 default profile: "default"
2026-08-14T11:56:17.089Z  WARN 19077 --- [           main] .s.s.UserDetailsServiceAutoConfiguration : 

Using generated security password: 416a82f8-b53f-4252-86f9-103d0a6bcb38

This generated password is for development use only. Your security configuration must be updated before running your application in production.

2026-08-14T11:56:17.099Z  INFO 19077 --- [           main] r$InitializeUserDetailsManagerConfigurer : Global AuthenticationManager configured with UserDetailsService bean with name inMemoryUserDetailsManager
2026-08-14T11:56:17.137Z DEBUG 19077 --- [           main] o.s.s.web.DefaultSecurityFilterChain     : Will secure any request with filters: DisableEncodeUrlFilter, WebAsyncManagerIntegrationFilter, SecurityContextHolderFilter, HeaderWriterFilter, LogoutFilter, BasicAuthenticationFilter, RequestCacheAwareFilter, SecurityContextHolderAwareRequestFilter, AnonymousAuthenticationFilter, ExceptionTranslationFilter, AuthorizationFilter
2026-08-14T11:56:17.355Z  INFO 19077 --- [           main] o.s.b.t.m.w.SpringBootMockServletContext : Initializing Spring TestDispatcherServlet ''
2026-08-14T11:56:17.355Z  INFO 19077 --- [           main] o.s.t.web.servlet.TestDispatcherServlet  : Initializing Servlet ''
2026-08-14T11:56:17.356Z  INFO 19077 --- [           main] o.s.t.web.servlet.TestDispatcherServlet  : Completed initialization in 1 ms
2026-08-14T11:56:17.367Z  INFO 19077 --- [           main] c.e.corspreflight.CorsPreflightTest      : Started CorsPreflightTest in 0.84 seconds (process running for 1.306)
OpenJDK 64-Bit Server VM warning: Sharing is only supported for boot loader classes because bootstrap classpath has been appended
WARNING: A Java agent has been loaded dynamically (/home/ubuntu/.m2/repository/net/bytebuddy/byte-buddy-agent/1.14.19/byte-buddy-agent-1.14.19.jar)
WARNING: If a serviceability tool is in use, please run with -XX:+EnableDynamicAgentLoading to hide this warning
WARNING: If a serviceability tool is not in use, please run with -Djdk.instrument.traceUsage for more information
WARNING: Dynamic loading of agents will be disallowed by default in a future release
2026-08-14T11:56:17.871Z DEBUG 19077 --- [           main] o.s.security.web.FilterChainProxy        : Securing OPTIONS /api/greeting
2026-08-14T11:56:17.874Z DEBUG 19077 --- [           main] o.s.s.w.a.AnonymousAuthenticationFilter  : Set SecurityContextHolder to anonymous SecurityContext
2026-08-14T11:56:17.877Z DEBUG 19077 --- [           main] o.s.s.w.s.HttpSessionRequestCache        : Saved request http://localhost/api/greeting?continue to session
2026-08-14T11:56:17.878Z DEBUG 19077 --- [           main] s.w.a.DelegatingAuthenticationEntryPoint : Trying to match using RequestHeaderRequestMatcher [expectedHeaderName=X-Requested-With, expectedHeaderValue=XMLHttpRequest]
2026-08-14T11:56:17.878Z DEBUG 19077 --- [           main] s.w.a.DelegatingAuthenticationEntryPoint : No match found. Using default entry point org.springframework.security.web.authentication.www.BasicAuthenticationEntryPoint@25fd6d1e

MockHttpServletRequest:
      HTTP Method = OPTIONS
      Request URI = /api/greeting
       Parameters = {}
          Headers = [Origin:"https://app.example.test", Access-Control-Request-Method:"GET", Access-Control-Request-Headers:"Authorization, Content-Type"]
             Body = null
    Session Attrs = {SPRING_SECURITY_SAVED_REQUEST=DefaultSavedRequest [http://localhost/api/greeting?continue]}

Handler:
             Type = null

Async:
    Async started = false
     Async result = null

Resolved Exception:
             Type = null

ModelAndView:
        View name = null
             View = null
            Model = null

FlashMap:
       Attributes = null

MockHttpServletResponse:
           Status = 401
    Error message = Unauthorized
          Headers = [WWW-Authenticate:"Basic realm="Realm"", X-Content-Type-Options:"nosniff", X-XSS-Protection:"0", Cache-Control:"no-cache, no-store, max-age=0, must-revalidate", Pragma:"no-cache", Expires:"0", X-Frame-Options:"DENY"]
     Content type = null
             Body = 
    Forwarded URL = null
   Redirected URL = null
          Cookies = []
[[1;31mERROR[m] [1;31mTests [0;1mrun: [0;1m1[m, [1;31mFailures: [0;1;31m1[m, Errors: 0, Skipped: 0, Time elapsed: 1.557 s[1;31m <<< FAILURE![m -- in com.example.corspreflight.[1mCorsPreflightTest[m
[[1;31mERROR[m] com.example.corspreflight.CorsPreflightTest.許可済みオリジンのプリフライトは認証なしで許可ヘッダーを返す -- Time elapsed: 0.517 s <<< FAILURE!
java.lang.AssertionError: Status expected:<200> but was:<401>
	at org.springframework.test.util.AssertionErrors.fail(AssertionErrors.java:59)
	at org.springframework.test.util.AssertionErrors.assertEquals(AssertionErrors.java:122)
	at org.springframework.test.web.servlet.result.StatusResultMatchers.lambda$matcher$9(StatusResultMatchers.java:637)
	at org.springframework.test.web.servlet.MockMvc$1.andExpect(MockMvc.java:214)
	at com.example.corspreflight.CorsPreflightTest.許可済みオリジンのプリフライトは認証なしで許可ヘッダーを返す(CorsPreflightTest.java:30)
	at java.base/java.lang.reflect.Method.invoke(Method.java:580)
	at java.base/java.util.ArrayList.forEach(ArrayList.java:1596)
	at java.base/java.util.ArrayList.forEach(ArrayList.java:1596)

[[1;31mERROR[m] [1;31mFailures: [m
[[1;31mERROR[m] [1;31m  CorsPreflightTest.許可済みオリジンのプリフライトは認証なしで許可ヘッダーを返す:30 Status expected:<200> but was:<401>[m
[[1;31mERROR[m] [1;31mTests run: 1, Failures: 1, Errors: 0, Skipped: 0[m
[[1;31mERROR[m] Failed to execute goal [32morg.apache.maven.plugins:maven-surefire-plugin:3.2.5:test[m [1m(default-test)[m on project [36mspring-security-cors-preflight-debug-lab[m: [1;31mThere are test failures.[m
[[1;31mERROR[m] [1;31m[m
[[1;31mERROR[m] [1;31mPlease refer to /home/ubuntu/spring-security-cors-preflight-debug-lab/target/surefire-reports for the individual test results.[m
[[1;31mERROR[m] [1;31mPlease refer to dump files (if any exist) [date].dump, [date]-jvmRun[N].dump and [date].dumpstream.[m
[[1;31mERROR[m] -> [1m[Help 1][m
[[1;31mERROR[m] 
[[1;31mERROR[m] To see the full stack trace of the errors, re-run Maven with the [1m-e[m switch.
[[1;31mERROR[m] Re-run Maven using the [1m-X[m switch to enable full debug logging.
[[1;31mERROR[m] 
[[1;31mERROR[m] For more information about the errors and possible solutions, please read the following articles:
[[1;31mERROR[m] [1m[Help 1][m http://cwiki.apache.org/confluence/display/MAVEN/MojoFailureException
