12:00:15.046 [main] INFO org.springframework.test.context.support.AnnotationConfigContextLoaderUtils -- Could not detect default configuration classes for test class [com.example.corspreflight.CorsPreflightTest]: CorsPreflightTest does not declare any static, non-private, non-final, nested classes annotated with @Configuration.
12:00:15.103 [main] INFO org.springframework.boot.test.context.SpringBootTestContextBootstrapper -- Found @SpringBootConfiguration com.example.corspreflight.CorsPreflightDebugApplication for test class com.example.corspreflight.CorsPreflightTest

  .   ____          _            __ _ _
 /\\ / ___'_ __ _ _(_)_ __  __ _ \ \ \ \
( ( )\___ | '_ | '_| | '_ \/ _` | \ \ \ \
 \\/  ___)| |_)| | | | | || (_| |  ) ) ) )
  '  |____| .__|_| |_|_| |_\__, | / / / /
 =========|_|==============|___/=/_/_/_/

 :: Spring Boot ::               (v3.3.12)

2026-08-14T12:00:15.305Z  INFO 19610 --- [           main] c.e.corspreflight.CorsPreflightTest      : Starting CorsPreflightTest using Java 21.0.11 with PID 19610 (started by ubuntu in /home/ubuntu/spring-security-cors-preflight-debug-lab)
2026-08-14T12:00:15.305Z  INFO 19610 --- [           main] c.e.corspreflight.CorsPreflightTest      : No active profile set, falling back to 1 default profile: "default"
2026-08-14T12:00:15.731Z  WARN 19610 --- [           main] .s.s.UserDetailsServiceAutoConfiguration : 

Using generated security password: 73a26a40-4f48-459b-9c94-3248d32593b6

This generated password is for development use only. Your security configuration must be updated before running your application in production.

2026-08-14T12:00:15.742Z  INFO 19610 --- [           main] r$InitializeUserDetailsManagerConfigurer : Global AuthenticationManager configured with UserDetailsService bean with name inMemoryUserDetailsManager
2026-08-14T12:00:15.791Z DEBUG 19610 --- [           main] o.s.s.web.DefaultSecurityFilterChain     : Will secure any request with filters: DisableEncodeUrlFilter, WebAsyncManagerIntegrationFilter, SecurityContextHolderFilter, HeaderWriterFilter, CorsFilter, LogoutFilter, BasicAuthenticationFilter, RequestCacheAwareFilter, SecurityContextHolderAwareRequestFilter, AnonymousAuthenticationFilter, ExceptionTranslationFilter, AuthorizationFilter
2026-08-14T12:00:15.988Z  INFO 19610 --- [           main] o.s.b.t.m.w.SpringBootMockServletContext : Initializing Spring TestDispatcherServlet ''
2026-08-14T12:00:15.988Z  INFO 19610 --- [           main] o.s.t.web.servlet.TestDispatcherServlet  : Initializing Servlet ''
2026-08-14T12:00:15.989Z  INFO 19610 --- [           main] o.s.t.web.servlet.TestDispatcherServlet  : Completed initialization in 1 ms
2026-08-14T12:00:16.001Z  INFO 19610 --- [           main] c.e.corspreflight.CorsPreflightTest      : Started CorsPreflightTest in 0.839 seconds (process running for 1.31)
OpenJDK 64-Bit Server VM warning: Sharing is only supported for boot loader classes because bootstrap classpath has been appended
WARNING: A Java agent has been loaded dynamically (/home/ubuntu/.m2/repository/net/bytebuddy/byte-buddy-agent/1.14.19/byte-buddy-agent-1.14.19.jar)
WARNING: If a serviceability tool is in use, please run with -XX:+EnableDynamicAgentLoading to hide this warning
WARNING: If a serviceability tool is not in use, please run with -Djdk.instrument.traceUsage for more information
WARNING: Dynamic loading of agents will be disallowed by default in a future release
2026-08-14T12:00:16.483Z DEBUG 19610 --- [           main] o.s.security.web.FilterChainProxy        : Securing OPTIONS /api/greeting
